../drivers/fsl_clock.h:874:20:CLOCK_ControlGate	12	static
../drivers/fsl_lpuart.c:197:13:LPUART_ReadNonBlocking	8	static
../drivers/fsl_lpuart.c:130:10:LPUART_GetInstance	0	static
../drivers/fsl_lpuart.c:148:8:LPUART_TransferGetRxRingBufferLength	0	static
../drivers/fsl_lpuart.c:228:10:LPUART_Init	32	static
../drivers/fsl_lpuart.c:437:6:LPUART_Deinit	8	static
../drivers/fsl_lpuart.c:482:6:LPUART_GetDefaultConfig	0	static
../drivers/fsl_lpuart.c:509:10:LPUART_SetBaudRate	28	static
../drivers/fsl_lpuart.c:594:6:LPUART_EnableInterrupts	8	static
../drivers/fsl_lpuart.c:605:6:LPUART_DisableInterrupts	8	static
../drivers/fsl_lpuart.c:1042:6:LPUART_TransferHandleIRQ	24	static
../drivers/fsl_lpuart.c:616:10:LPUART_GetEnabledInterrupts	0	static
../drivers/fsl_lpuart.c:628:10:LPUART_GetStatusFlags	0	static
../drivers/fsl_lpuart.c:640:10:LPUART_ClearStatusFlags	8	static
../drivers/fsl_lpuart.c:681:6:LPUART_WriteBlocking	0	static
../drivers/fsl_lpuart.c:696:10:LPUART_ReadBlocking	16	static
../drivers/fsl_lpuart.c:759:6:LPUART_TransferCreateHandle	24	static
../drivers/fsl_lpuart.c:807:6:LPUART_TransferStartRingBuffer	0	static
../drivers/fsl_lpuart.c:825:6:LPUART_TransferStopRingBuffer	8	static
../drivers/fsl_lpuart.c:840:10:LPUART_TransferSendNonBlocking	8	static
../drivers/fsl_lpuart.c:870:6:LPUART_TransferAbortSend	8	static
../drivers/fsl_lpuart.c:880:10:LPUART_TransferGetSendCount	0	static
../drivers/fsl_lpuart.c:895:10:LPUART_TransferReceiveNonBlocking	32	static
../drivers/fsl_lpuart.c:1011:6:LPUART_TransferAbortReceive	8	static
../drivers/fsl_lpuart.c:1027:10:LPUART_TransferGetReceiveCount	0	static
../drivers/fsl_lpuart.c:1248:6:LPUART_TransferHandleErrorIRQ	0	static
../drivers/fsl_lpuart.c:1389:6:LPUART1_DriverIRQHandler	0	static
../drivers/fsl_lpuart.c:1423:6:LPUART2_DriverIRQHandler	0	static
../drivers/fsl_lpuart.c:1456:6:LPUART3_DriverIRQHandler	0	static
../drivers/fsl_lpuart.c:1489:6:LPUART4_DriverIRQHandler	0	static
../drivers/fsl_lpuart.c:1522:6:LPUART5_DriverIRQHandler	0	static
../drivers/fsl_lpuart.c:1555:6:LPUART6_DriverIRQHandler	0	static
../drivers/fsl_lpuart.c:1588:6:LPUART7_DriverIRQHandler	0	static
../drivers/fsl_lpuart.c:1621:6:LPUART8_DriverIRQHandler	0	static
